// Jest Snapshot v1, https://goo.gl/fbAQLP

exports[`components/List Snapshot 1`] = `ShallowWrapper {}`;
