// Jest Snapshot v1, https://goo.gl/fbAQLP

exports[`renders correctly 1`] = `
<nav
  className="nav-categories"
>
  <h2>
    Categories
  </h2>
  <ul
    className="nav-menu"
  />
</nav>
`;
