// Jest Snapshot v1, https://goo.gl/fbAQLP

exports[`renders correctly 1`] = `
<header>
  <input
    onChange={[Function]}
    placeholder="Search by App"
    type="text"
  />
</header>
`;
